URL: https://digiconsult.ing/?v=1779459462
Timestamp: 2026-05-22T15:27:38Z
Runner IP: 52.190.140.130

--- curl -I (HEAD) ---
HTTP/2 307 
date: Fri, 22 May 2026 15:27:39 GMT
content-type: text/html; charset=UTF-8
content-length: 0
location: https://payhip.com/global-identity?redirect=https%3A%2F%2Fdigiconsult.ing%2F%3Fv%3D1779459462
set-cookie: AWSALB=LnsMjQDdQkNem/rVMKVFwsOEhyzLxE2gaRe52DMwh824+iDcbUDur8qhGUdtbefF/tDfwursTyhO/jwL3GBy25LleRuRZSEdC0YKwoubzipqlMWpdxAyCYYNY9/I; Expires=Fri, 29 May 2026 15:27:39 GMT; Path=/
set-cookie: AWSALBCORS=LnsMjQDdQkNem/rVMKVFwsOEhyzLxE2gaRe52DMwh824+iDcbUDur8qhGUdtbefF/tDfwursTyhO/jwL3GBy25LleRuRZSEdC0YKwoubzipqlMWpdxAyCYYNY9/I; Expires=Fri, 29 May 2026 15:27:39 GMT; Path=/; SameSite=None; Secure
set-cookie: cisession=Fu4IbBYY2PKmcJ65Z1%2BQ3JCqfNDUBUo4hrHpRrsWpxLoghB1ks0HeWn4gnpJn8nji73VVDKxtwDyt4pNuwwWp4XzKb8xhcLg4OUviaNeowm%2B0zPsLff7QSSyFjscRH28QGH0q9fX3frHAJtx5iBdyuZig5dAluEcWoRjDxbSoHQ4J%2F5qZ9s4kuuog1IGTfwb%2FIdv%2BYq3rk9AeaP%2BJVa8AvZujY6NUFCRIgq4YdBWt1wXefWhMN9PRNxbjqB3AOdVgWOx1VodeuyaIeygkBcFgQtjf300m4Jj4cBfY2fQRs4NeNYnuHbZOZn1xoSbiiSI31MSd%2FgbDGXxxavm2jVk5KvOGxySpXVpj17iIFB0NtXsCnwmeONWMbv5%2BLnNyD7M; expires=Sun, 21-Jun-2026 15:27:39 GMT; Max-Age=2592000; path=/;Secure;SameSite=None
set-cookie: cisession=I0TCPGA3lfqDDImRmkdZFBZWuHL6ciIwMlZF%2FDDPoE6dPGo6ZAbJyBXwtTVkN7Q7WpX96itBCANxU0mJ56OgudNB2B%2BavpI7%2B%2BRm3V8vYsfD0JL2kU%2FZpFuu1vve5q2EkTVYM7KJRaDjsZbBxVJAxN%2FLTXMOsAb%2FwKzFj9pJ1MbioQx4onPbhSO9L%2B0dMhvtUBhjpjudpBxqjw6SJTbj4BZFIFcIUek%2BIcH0FDfP%2BelLKetHD8MNobcivuMwvUkPDfohnqWKIp11492hv6VQi2xM%2FPv%2FuTc0CprVQP2Wzbr16DZXWd6BVgfzdlGOQ3ldUS%2BmBnGrLzdkKA%2B1qf9pcg%3D%3D; expires=Sun, 21-Jun-2026 15:27:39 GMT; Max-Age=2592000; path=/;Secure;SameSite=None
x-varnish: 2644692
age: 0
via: 1.1 varnish (Varnish/6.3)
section-io-cache: Miss
section-io-id: 2ca41a1efc658a4532a790435a8f07e3

HTTP/2 403 
date: Fri, 22 May 2026 15:27:39 GMT
content-type: text/html; charset=UTF-8
content-length: 5943
accept-ch: Sec-CH-UA-Bitness, Sec-CH-UA-Arch, Sec-CH-UA-Full-Version, Sec-CH-UA-Mobile, Sec-CH-UA-Model, Sec-CH-UA-Platform-Version, Sec-CH-UA-Full-Version-List, Sec-CH-UA-Platform, Sec-CH-UA, UA-Bitness, UA-Arch, UA-Full-Version, UA-Mobile, UA-Model, UA-Platform-Version, UA-Platform, UA
cf-mitigated: challenge
content-security-policy: default-src 'none'; script-src 'nonce-x3aiUfkj3zBm1PJv8pe1h0' 'unsafe-eval' https://challenges.cloudflare.com; script-src-attr 'none'; style-src 'unsafe-inline'; img-src 'self' https://challenges.cloudflare.com; connect-src 'self' https://challenges.cloudflare.com; frame-src 'self' https://challenges.cloudflare.com blob:; child-src 'self' https://challenges.cloudflare.com blob:; worker-src blob:; form-action http: https:; base-uri 'self'
server: cloudflare
critical-ch: Sec-CH-UA-Bitness, Sec-CH-UA-Arch, Sec-CH-UA-Full-Version, Sec-CH-UA-Mobile, Sec-CH-UA-Model, Sec-CH-UA-Platform-Version, Sec-CH-UA-Full-Version-List, Sec-CH-UA-Platform, Sec-CH-UA, UA-Bitness, UA-Arch, UA-Full-Version, UA-Mobile, UA-Model, UA-Platform-Version, UA-Platform, UA
cross-origin-embedder-policy: require-corp
cross-origin-opener-policy: same-origin
cross-origin-resource-policy: same-origin
origin-agent-cluster: ?1
permissions-policy: accelerometer=(),browsing-topics=(),camera=(),clipboard-read=(),clipboard-write=(),geolocation=(),gyroscope=(),hid=(),interest-cohort=(),magnetometer=(),microphone=(),payment=(),publickey-credentials-get=(),screen-wake-lock=(),serial=(),sync-xhr=(),usb=(),xr-spatial-tracking=(self)
referrer-policy: same-origin
